DELIBERATE FAILURE DIAGNOSTIC, not an application defect report or a routine passing run.
Public copy of user-supplied console transcript for run 20260930-122320-911.
Temporary wrong expectations caused all six failures; the source was restored before the verified passing run.
Local user and repository path prefixes were replaced. Failure counts and stack traces were retained.
Command: .\gradlew.bat --init-script .\gradle\timestamped-build.init.gradle milestoneFAutomation --rerun-tasks --no-build-cache --no-daemon --console=plain

To honour the JVM settings for this build a single-use Daemon process will be forked. For more on this, please refer to https://docs.gradle.org/8.14.5/userguide/gradle_daemon.html#sec:disabling_the_daemon in the Gradle documentation.
Daemon will be stopped at the end of the build

> Configure project :
OUTPUT_DIR=[repository]\build\timestamped-runs\20260930-122320-911

> Task :compileMaintainedTestJava
> Task :processMaintainedTestResources NO-SOURCE
> Task :maintainedTestClasses

> Task :milestoneFAutomation

Gradle Test Executor 1 STANDARD_ERROR
    SLF4J(W): No SLF4J providers were found.
    SLF4J(W): Defaulting to no-operation (NOP) logger implementation
    SLF4J(W): See https://www.slf4j.org/codes.html#noProviders for further details.

Gradle suite > Gradle test > saucedemo.tests.AuthenticationTests STANDARD_ERROR
    Sep 30, 2026 12:23:29 PM org.openqa.selenium.devtools.CdpVersionFinder findNearestMatch
    WARNING: Unable to find an exact match for CDP version 154, returning the closest version; found: 153; Please update to a Selenium version that supports CDP version 154

Gradle suite > Gradle test > saucedemo.tests.AuthenticationTests > autF01_standardLoginShowsInventory STANDARD_OUT
    CHECKPOINT id=AUT-F01 step=submit standard login
    CHECKPOINT id=AUT-F01 step=Products page and inventory

Gradle suite > Gradle test > saucedemo.tests.AuthenticationTests > autF01_standardLoginShowsInventory FAILED
    java.lang.AssertionError: expected [Products666] but found [Products]
        at org.testng.Assert.fail(Assert.java:111)
        at org.testng.Assert.failNotEquals(Assert.java:1590)
        at org.testng.Assert.assertEqualsImpl(Assert.java:150)
        at org.testng.Assert.assertEquals(Assert.java:132)
        at org.testng.Assert.assertEquals(Assert.java:656)
        at org.testng.Assert.assertEquals(Assert.java:666)
        at saucedemo.tests.AuthenticationTests.autF01_standardLoginShowsInventory(AuthenticationTests.java:29)

Gradle suite > Gradle test > saucedemo.tests.AuthenticationTests STANDARD_ERROR
    FAIL id=AUT-F01 checkpoint=Products page and inventory
    java.lang.AssertionError: expected [Products666] but found [Products]
        at org.testng.Assert.fail(Assert.java:111)
        at org.testng.Assert.failNotEquals(Assert.java:1590)
        at org.testng.Assert.assertEqualsImpl(Assert.java:150)
        at org.testng.Assert.assertEquals(Assert.java:132)
        at org.testng.Assert.assertEquals(Assert.java:656)
        at org.testng.Assert.assertEquals(Assert.java:666)
        at saucedemo.tests.AuthenticationTests.autF01_standardLoginShowsInventory(AuthenticationTests.java:29)
        at java.base/jdk.internal.reflect.DirectMethodHandleAccessor.invoke(DirectMethodHandleAccessor.java:103)
        at java.base/java.lang.reflect.Method.invoke(Method.java:580)
        at org.testng.internal.invokers.MethodInvocationHelper.invokeMethod(MethodInvocationHelper.java:141)
        at org.testng.internal.invokers.TestInvoker.invokeMethod(TestInvoker.java:697)
        at org.testng.internal.invokers.TestInvoker.invokeTestMethod(TestInvoker.java:230)
        at org.testng.internal.invokers.MethodRunner.runInSequence(MethodRunner.java:63)
        at org.testng.internal.invokers.TestInvoker$MethodInvocationAgent.invoke(TestInvoker.java:1005)
        at org.testng.internal.invokers.TestInvoker.invokeTestMethods(TestInvoker.java:203)
        at org.testng.internal.invokers.TestMethodWorker.invokeTestMethods(TestMethodWorker.java:154)
        at org.testng.internal.invokers.TestMethodWorker.run(TestMethodWorker.java:134)
        at java.base/java.util.ArrayList.forEach(ArrayList.java:1596)
        at org.testng.TestRunner.privateRun(TestRunner.java:744)
        at org.testng.TestRunner.run(TestRunner.java:616)
        at org.testng.SuiteRunner.runTest(SuiteRunner.java:421)
        at org.testng.SuiteRunner.runSequentially(SuiteRunner.java:413)
        at org.testng.SuiteRunner.privateRun(SuiteRunner.java:373)
        at org.testng.SuiteRunner.run(SuiteRunner.java:312)
        at org.testng.SuiteRunnerWorker.runSuite(SuiteRunnerWorker.java:52)
        at org.testng.SuiteRunnerWorker.run(SuiteRunnerWorker.java:95)
        at org.testng.TestNG.runSuitesSequentially(TestNG.java:1274)
        at org.testng.TestNG.runSuitesLocally(TestNG.java:1208)
        at org.testng.TestNG.runSuites(TestNG.java:1112)
        at org.testng.TestNG.run(TestNG.java:1079)
        at org.gradle.api.internal.tasks.testing.testng.TestNGTestClassProcessor.runTests(TestNGTestClassProcessor.java:153)
        at org.gradle.api.internal.tasks.testing.testng.TestNGTestClassProcessor.stop(TestNGTestClassProcessor.java:95)
        at org.gradle.api.internal.tasks.testing.SuiteTestClassProcessor.stop(SuiteTestClassProcessor.java:63)
        at java.base/jdk.internal.reflect.DirectMethodHandleAccessor.invoke(DirectMethodHandleAccessor.java:103)
        at java.base/java.lang.reflect.Method.invoke(Method.java:580)
        at org.gradle.internal.dispatch.ReflectionDispatch.dispatch(ReflectionDispatch.java:36)
        at org.gradle.internal.dispatch.ReflectionDispatch.dispatch(ReflectionDispatch.java:24)
        at org.gradle.internal.dispatch.ContextClassLoaderDispatch.dispatch(ContextClassLoaderDispatch.java:33)
        at org.gradle.internal.dispatch.ProxyDispatchAdapter$DispatchingInvocationHandler.invoke(ProxyDispatchAdapter.java:92)
        at jdk.proxy1/jdk.proxy1.$Proxy4.stop(Unknown Source)
        at org.gradle.api.internal.tasks.testing.worker.TestWorker$3.run(TestWorker.java:200)
        at org.gradle.api.internal.tasks.testing.worker.TestWorker.executeAndMaintainThreadName(TestWorker.java:132)
        at org.gradle.api.internal.tasks.testing.worker.TestWorker.execute(TestWorker.java:103)
        at org.gradle.api.internal.tasks.testing.worker.TestWorker.execute(TestWorker.java:63)
        at org.gradle.process.internal.worker.child.ActionExecutionWorker.execute(ActionExecutionWorker.java:56)
        at org.gradle.process.internal.worker.child.SystemApplicationClassLoaderWorker.call(SystemApplicationClassLoaderWorker.java:122)
        at org.gradle.process.internal.worker.child.SystemApplicationClassLoaderWorker.call(SystemApplicationClassLoaderWorker.java:72)
        at worker.org.gradle.process.internal.worker.GradleWorkerMain.run(GradleWorkerMain.java:69)
        at worker.org.gradle.process.internal.worker.GradleWorkerMain.main(GradleWorkerMain.java:74)
    FAILURE_EVIDENCE id=AUT-F01 checkpoint=Products page and inventory url=https://www.saucedemo.com/inventory.html png=[repository]\build\timestamped-runs\20260930-122320-911\screenshots\milestoneFAutomation\failed-tests\AUT-F01\failure-autF01_standardLoginShowsInventory-1790742210696.png
    Sep 30, 2026 12:23:32 PM org.openqa.selenium.devtools.CdpVersionFinder findNearestMatch
    WARNING: Unable to find an exact match for CDP version 154, returning the closest version; found: 153; Please update to a Selenium version that supports CDP version 154

Gradle suite > Gradle test > saucedemo.tests.AuthenticationTests > autF02_lockedOutLoginIsRejected STANDARD_OUT
    CHECKPOINT id=AUT-F02 step=submit locked-out login
    CHECKPOINT id=AUT-F02 step=rejection and sign-in state

Gradle suite > Gradle test > saucedemo.tests.AuthenticationTests > autF02_lockedOutLoginIsRejected FAILED
    java.lang.AssertionError: expected [Epic sadface: Sorry, this user has been locked out.666] but found [Epic sadface: Sorry, this user has been locked out.]
        at org.testng.Assert.fail(Assert.java:111)
        at org.testng.Assert.failNotEquals(Assert.java:1590)
        at org.testng.Assert.assertEqualsImpl(Assert.java:150)
        at org.testng.Assert.assertEquals(Assert.java:132)
        at org.testng.Assert.assertEquals(Assert.java:656)
        at org.testng.Assert.assertEquals(Assert.java:666)
        at saucedemo.tests.AuthenticationTests.autF02_lockedOutLoginIsRejected(AuthenticationTests.java:48)

Gradle suite > Gradle test > saucedemo.tests.AuthenticationTests STANDARD_ERROR
    FAIL id=AUT-F02 checkpoint=rejection and sign-in state
    java.lang.AssertionError: expected [Epic sadface: Sorry, this user has been locked out.666] but found [Epic sadface: Sorry, this user has been locked out.]
        at org.testng.Assert.fail(Assert.java:111)
        at org.testng.Assert.failNotEquals(Assert.java:1590)
        at org.testng.Assert.assertEqualsImpl(Assert.java:150)
        at org.testng.Assert.assertEquals(Assert.java:132)
        at org.testng.Assert.assertEquals(Assert.java:656)
        at org.testng.Assert.assertEquals(Assert.java:666)
        at saucedemo.tests.AuthenticationTests.autF02_lockedOutLoginIsRejected(AuthenticationTests.java:48)
        at java.base/jdk.internal.reflect.DirectMethodHandleAccessor.invoke(DirectMethodHandleAccessor.java:103)
        at java.base/java.lang.reflect.Method.invoke(Method.java:580)
        at org.testng.internal.invokers.MethodInvocationHelper.invokeMethod(MethodInvocationHelper.java:141)
        at org.testng.internal.invokers.TestInvoker.invokeMethod(TestInvoker.java:697)
        at org.testng.internal.invokers.TestInvoker.invokeTestMethod(TestInvoker.java:230)
        at org.testng.internal.invokers.MethodRunner.runInSequence(MethodRunner.java:63)
        at org.testng.internal.invokers.TestInvoker$MethodInvocationAgent.invoke(TestInvoker.java:1005)
        at org.testng.internal.invokers.TestInvoker.invokeTestMethods(TestInvoker.java:203)
        at org.testng.internal.invokers.TestMethodWorker.invokeTestMethods(TestMethodWorker.java:154)
        at org.testng.internal.invokers.TestMethodWorker.run(TestMethodWorker.java:134)
        at java.base/java.util.ArrayList.forEach(ArrayList.java:1596)
        at org.testng.TestRunner.privateRun(TestRunner.java:744)
        at org.testng.TestRunner.run(TestRunner.java:616)
        at org.testng.SuiteRunner.runTest(SuiteRunner.java:421)
        at org.testng.SuiteRunner.runSequentially(SuiteRunner.java:413)
        at org.testng.SuiteRunner.privateRun(SuiteRunner.java:373)
        at org.testng.SuiteRunner.run(SuiteRunner.java:312)
        at org.testng.SuiteRunnerWorker.runSuite(SuiteRunnerWorker.java:52)
        at org.testng.SuiteRunnerWorker.run(SuiteRunnerWorker.java:95)
        at org.testng.TestNG.runSuitesSequentially(TestNG.java:1274)
        at org.testng.TestNG.runSuitesLocally(TestNG.java:1208)
        at org.testng.TestNG.runSuites(TestNG.java:1112)
        at org.testng.TestNG.run(TestNG.java:1079)
        at org.gradle.api.internal.tasks.testing.testng.TestNGTestClassProcessor.runTests(TestNGTestClassProcessor.java:153)
        at org.gradle.api.internal.tasks.testing.testng.TestNGTestClassProcessor.stop(TestNGTestClassProcessor.java:95)
        at org.gradle.api.internal.tasks.testing.SuiteTestClassProcessor.stop(SuiteTestClassProcessor.java:63)
        at java.base/jdk.internal.reflect.DirectMethodHandleAccessor.invoke(DirectMethodHandleAccessor.java:103)
        at java.base/java.lang.reflect.Method.invoke(Method.java:580)
        at org.gradle.internal.dispatch.ReflectionDispatch.dispatch(ReflectionDispatch.java:36)
        at org.gradle.internal.dispatch.ReflectionDispatch.dispatch(ReflectionDispatch.java:24)
        at org.gradle.internal.dispatch.ContextClassLoaderDispatch.dispatch(ContextClassLoaderDispatch.java:33)
        at org.gradle.internal.dispatch.ProxyDispatchAdapter$DispatchingInvocationHandler.invoke(ProxyDispatchAdapter.java:92)
        at jdk.proxy1/jdk.proxy1.$Proxy4.stop(Unknown Source)
        at org.gradle.api.internal.tasks.testing.worker.TestWorker$3.run(TestWorker.java:200)
        at org.gradle.api.internal.tasks.testing.worker.TestWorker.executeAndMaintainThreadName(TestWorker.java:132)
        at org.gradle.api.internal.tasks.testing.worker.TestWorker.execute(TestWorker.java:103)
        at org.gradle.api.internal.tasks.testing.worker.TestWorker.execute(TestWorker.java:63)
        at org.gradle.process.internal.worker.child.ActionExecutionWorker.execute(ActionExecutionWorker.java:56)
        at org.gradle.process.internal.worker.child.SystemApplicationClassLoaderWorker.call(SystemApplicationClassLoaderWorker.java:122)
        at org.gradle.process.internal.worker.child.SystemApplicationClassLoaderWorker.call(SystemApplicationClassLoaderWorker.java:72)
        at worker.org.gradle.process.internal.worker.GradleWorkerMain.run(GradleWorkerMain.java:69)
        at worker.org.gradle.process.internal.worker.GradleWorkerMain.main(GradleWorkerMain.java:74)
    FAILURE_EVIDENCE id=AUT-F02 checkpoint=rejection and sign-in state url=https://www.saucedemo.com/ png=[repository]\build\timestamped-runs\20260930-122320-911\screenshots\milestoneFAutomation\failed-tests\AUT-F02\failure-autF02_lockedOutLoginIsRejected-1790742213301.png

Gradle suite > Gradle test > saucedemo.tests.CheckoutTests STANDARD_ERROR
    Sep 30, 2026 12:23:34 PM org.openqa.selenium.devtools.CdpVersionFinder findNearestMatch
    WARNING: Unable to find an exact match for CDP version 154, returning the closest version; found: 153; Please update to a Selenium version that supports CDP version 154

Gradle suite > Gradle test > saucedemo.tests.CheckoutTests > autF04_firstNameIsRequired STANDARD_OUT
    CHECKPOINT id=AUT-F04 step=sign in and check empty cart
    CHECKPOINT id=AUT-F04 step=add Backpack and open checkout
    CHECKPOINT id=AUT-F04 step=submit with First Name blank
    CHECKPOINT id=AUT-F04 step=required-field error and page state

Gradle suite > Gradle test > saucedemo.tests.CheckoutTests > autF04_firstNameIsRequired FAILED
    java.lang.AssertionError: The expected first-name error was not displayed. expected [true] but found [false]
        at org.testng.Assert.fail(Assert.java:111)
        at org.testng.Assert.failNotEquals(Assert.java:1590)
        at org.testng.Assert.assertTrue(Assert.java:57)
        at saucedemo.tests.CheckoutTests.autF04_firstNameIsRequired(CheckoutTests.java:60)

Gradle suite > Gradle test > saucedemo.tests.CheckoutTests STANDARD_ERROR
    FAIL id=AUT-F04 checkpoint=required-field error and page state
    java.lang.AssertionError: The expected first-name error was not displayed. expected [true] but found [false]
        at org.testng.Assert.fail(Assert.java:111)
        at org.testng.Assert.failNotEquals(Assert.java:1590)
        at org.testng.Assert.assertTrue(Assert.java:57)
        at saucedemo.tests.CheckoutTests.autF04_firstNameIsRequired(CheckoutTests.java:60)
        at java.base/jdk.internal.reflect.DirectMethodHandleAccessor.invoke(DirectMethodHandleAccessor.java:103)
        at java.base/java.lang.reflect.Method.invoke(Method.java:580)
        at org.testng.internal.invokers.MethodInvocationHelper.invokeMethod(MethodInvocationHelper.java:141)
        at org.testng.internal.invokers.TestInvoker.invokeMethod(TestInvoker.java:697)
        at org.testng.internal.invokers.TestInvoker.invokeTestMethod(TestInvoker.java:230)
        at org.testng.internal.invokers.MethodRunner.runInSequence(MethodRunner.java:63)
        at org.testng.internal.invokers.TestInvoker$MethodInvocationAgent.invoke(TestInvoker.java:1005)
        at org.testng.internal.invokers.TestInvoker.invokeTestMethods(TestInvoker.java:203)
        at org.testng.internal.invokers.TestMethodWorker.invokeTestMethods(TestMethodWorker.java:154)
        at org.testng.internal.invokers.TestMethodWorker.run(TestMethodWorker.java:134)
        at java.base/java.util.ArrayList.forEach(ArrayList.java:1596)
        at org.testng.TestRunner.privateRun(TestRunner.java:744)
        at org.testng.TestRunner.run(TestRunner.java:616)
        at org.testng.SuiteRunner.runTest(SuiteRunner.java:421)
        at org.testng.SuiteRunner.runSequentially(SuiteRunner.java:413)
        at org.testng.SuiteRunner.privateRun(SuiteRunner.java:373)
        at org.testng.SuiteRunner.run(SuiteRunner.java:312)
        at org.testng.SuiteRunnerWorker.runSuite(SuiteRunnerWorker.java:52)
        at org.testng.SuiteRunnerWorker.run(SuiteRunnerWorker.java:95)
        at org.testng.TestNG.runSuitesSequentially(TestNG.java:1274)
        at org.testng.TestNG.runSuitesLocally(TestNG.java:1208)
        at org.testng.TestNG.runSuites(TestNG.java:1112)
        at org.testng.TestNG.run(TestNG.java:1079)
        at org.gradle.api.internal.tasks.testing.testng.TestNGTestClassProcessor.runTests(TestNGTestClassProcessor.java:153)
        at org.gradle.api.internal.tasks.testing.testng.TestNGTestClassProcessor.stop(TestNGTestClassProcessor.java:95)
        at org.gradle.api.internal.tasks.testing.SuiteTestClassProcessor.stop(SuiteTestClassProcessor.java:63)
        at java.base/jdk.internal.reflect.DirectMethodHandleAccessor.invoke(DirectMethodHandleAccessor.java:103)
        at java.base/java.lang.reflect.Method.invoke(Method.java:580)
        at org.gradle.internal.dispatch.ReflectionDispatch.dispatch(ReflectionDispatch.java:36)
        at org.gradle.internal.dispatch.ReflectionDispatch.dispatch(ReflectionDispatch.java:24)
        at org.gradle.internal.dispatch.ContextClassLoaderDispatch.dispatch(ContextClassLoaderDispatch.java:33)
        at org.gradle.internal.dispatch.ProxyDispatchAdapter$DispatchingInvocationHandler.invoke(ProxyDispatchAdapter.java:92)
        at jdk.proxy1/jdk.proxy1.$Proxy4.stop(Unknown Source)
        at org.gradle.api.internal.tasks.testing.worker.TestWorker$3.run(TestWorker.java:200)
        at org.gradle.api.internal.tasks.testing.worker.TestWorker.executeAndMaintainThreadName(TestWorker.java:132)
        at org.gradle.api.internal.tasks.testing.worker.TestWorker.execute(TestWorker.java:103)
        at org.gradle.api.internal.tasks.testing.worker.TestWorker.execute(TestWorker.java:63)
        at org.gradle.process.internal.worker.child.ActionExecutionWorker.execute(ActionExecutionWorker.java:56)
        at org.gradle.process.internal.worker.child.SystemApplicationClassLoaderWorker.call(SystemApplicationClassLoaderWorker.java:122)
        at org.gradle.process.internal.worker.child.SystemApplicationClassLoaderWorker.call(SystemApplicationClassLoaderWorker.java:72)
        at worker.org.gradle.process.internal.worker.GradleWorkerMain.run(GradleWorkerMain.java:69)
        at worker.org.gradle.process.internal.worker.GradleWorkerMain.main(GradleWorkerMain.java:74)
    FAILURE_EVIDENCE id=AUT-F04 checkpoint=required-field error and page state url=https://www.saucedemo.com/checkout-step-one.html png=[repository]\build\timestamped-runs\20260930-122320-911\screenshots\milestoneFAutomation\failed-tests\AUT-F04\failure-autF04_firstNameIsRequired-1790742216885.png
    Sep 30, 2026 12:23:38 PM org.openqa.selenium.devtools.CdpVersionFinder findNearestMatch
    WARNING: Unable to find an exact match for CDP version 154, returning the closest version; found: 153; Please update to a Selenium version that supports CDP version 154

Gradle suite > Gradle test > saucedemo.tests.CheckoutTests > autF06_twoItemOrderCompletes STANDARD_OUT
    CHECKPOINT id=AUT-F06 step=sign in and check empty cart
    CHECKPOINT id=AUT-F06 step=capture prices and add two products
    CHECKPOINT id=AUT-F06 step=check Cart entries
    CHECKPOINT id=AUT-F06 step=enter checkout details
    CHECKPOINT id=AUT-F06 step=check Overview entries
    CHECKPOINT id=AUT-F06 step=reconcile Overview amounts
    AMOUNTS id=AUT-F06 itemTotal=39.98 tax=3.20 total=43.18
    CHECKPOINT id=AUT-F06 step=finish order
    CHECKPOINT id=AUT-F06 step=check completion and PDF control

Gradle suite > Gradle test > saucedemo.tests.CheckoutTests > autF06_twoItemOrderCompletes FAILED
    java.lang.AssertionError: expected [Thank you for your order!666] but found [Thank you for your order!]
        at org.testng.Assert.fail(Assert.java:111)
        at org.testng.Assert.failNotEquals(Assert.java:1590)
        at org.testng.Assert.assertEqualsImpl(Assert.java:150)
        at org.testng.Assert.assertEquals(Assert.java:132)
        at org.testng.Assert.assertEquals(Assert.java:656)
        at org.testng.Assert.assertEquals(Assert.java:666)
        at saucedemo.tests.CheckoutTests.autF06_twoItemOrderCompletes(CheckoutTests.java:178)

Gradle suite > Gradle test > saucedemo.tests.CheckoutTests STANDARD_ERROR
    FAIL id=AUT-F06 checkpoint=check completion and PDF control
    java.lang.AssertionError: expected [Thank you for your order!666] but found [Thank you for your order!]
        at org.testng.Assert.fail(Assert.java:111)
        at org.testng.Assert.failNotEquals(Assert.java:1590)
        at org.testng.Assert.assertEqualsImpl(Assert.java:150)
        at org.testng.Assert.assertEquals(Assert.java:132)
        at org.testng.Assert.assertEquals(Assert.java:656)
        at org.testng.Assert.assertEquals(Assert.java:666)
        at saucedemo.tests.CheckoutTests.autF06_twoItemOrderCompletes(CheckoutTests.java:178)
        at java.base/jdk.internal.reflect.DirectMethodHandleAccessor.invoke(DirectMethodHandleAccessor.java:103)
        at java.base/java.lang.reflect.Method.invoke(Method.java:580)
        at org.testng.internal.invokers.MethodInvocationHelper.invokeMethod(MethodInvocationHelper.java:141)
        at org.testng.internal.invokers.TestInvoker.invokeMethod(TestInvoker.java:697)
        at org.testng.internal.invokers.TestInvoker.invokeTestMethod(TestInvoker.java:230)
        at org.testng.internal.invokers.MethodRunner.runInSequence(MethodRunner.java:63)
        at org.testng.internal.invokers.TestInvoker$MethodInvocationAgent.invoke(TestInvoker.java:1005)
        at org.testng.internal.invokers.TestInvoker.invokeTestMethods(TestInvoker.java:203)
        at org.testng.internal.invokers.TestMethodWorker.invokeTestMethods(TestMethodWorker.java:154)
        at org.testng.internal.invokers.TestMethodWorker.run(TestMethodWorker.java:134)
        at java.base/java.util.ArrayList.forEach(ArrayList.java:1596)
        at org.testng.TestRunner.privateRun(TestRunner.java:744)
        at org.testng.TestRunner.run(TestRunner.java:616)
        at org.testng.SuiteRunner.runTest(SuiteRunner.java:421)
        at org.testng.SuiteRunner.runSequentially(SuiteRunner.java:413)
        at org.testng.SuiteRunner.privateRun(SuiteRunner.java:373)
        at org.testng.SuiteRunner.run(SuiteRunner.java:312)
        at org.testng.SuiteRunnerWorker.runSuite(SuiteRunnerWorker.java:52)
        at org.testng.SuiteRunnerWorker.run(SuiteRunnerWorker.java:95)
        at org.testng.TestNG.runSuitesSequentially(TestNG.java:1274)
        at org.testng.TestNG.runSuitesLocally(TestNG.java:1208)
        at org.testng.TestNG.runSuites(TestNG.java:1112)
        at org.testng.TestNG.run(TestNG.java:1079)
        at org.gradle.api.internal.tasks.testing.testng.TestNGTestClassProcessor.runTests(TestNGTestClassProcessor.java:153)
        at org.gradle.api.internal.tasks.testing.testng.TestNGTestClassProcessor.stop(TestNGTestClassProcessor.java:95)
        at org.gradle.api.internal.tasks.testing.SuiteTestClassProcessor.stop(SuiteTestClassProcessor.java:63)
        at java.base/jdk.internal.reflect.DirectMethodHandleAccessor.invoke(DirectMethodHandleAccessor.java:103)
        at java.base/java.lang.reflect.Method.invoke(Method.java:580)
        at org.gradle.internal.dispatch.ReflectionDispatch.dispatch(ReflectionDispatch.java:36)
        at org.gradle.internal.dispatch.ReflectionDispatch.dispatch(ReflectionDispatch.java:24)
        at org.gradle.internal.dispatch.ContextClassLoaderDispatch.dispatch(ContextClassLoaderDispatch.java:33)
        at org.gradle.internal.dispatch.ProxyDispatchAdapter$DispatchingInvocationHandler.invoke(ProxyDispatchAdapter.java:92)
        at jdk.proxy1/jdk.proxy1.$Proxy4.stop(Unknown Source)
        at org.gradle.api.internal.tasks.testing.worker.TestWorker$3.run(TestWorker.java:200)
        at org.gradle.api.internal.tasks.testing.worker.TestWorker.executeAndMaintainThreadName(TestWorker.java:132)
        at org.gradle.api.internal.tasks.testing.worker.TestWorker.execute(TestWorker.java:103)
        at org.gradle.api.internal.tasks.testing.worker.TestWorker.execute(TestWorker.java:63)
        at org.gradle.process.internal.worker.child.ActionExecutionWorker.execute(ActionExecutionWorker.java:56)
        at org.gradle.process.internal.worker.child.SystemApplicationClassLoaderWorker.call(SystemApplicationClassLoaderWorker.java:122)
        at org.gradle.process.internal.worker.child.SystemApplicationClassLoaderWorker.call(SystemApplicationClassLoaderWorker.java:72)
        at worker.org.gradle.process.internal.worker.GradleWorkerMain.run(GradleWorkerMain.java:69)
        at worker.org.gradle.process.internal.worker.GradleWorkerMain.main(GradleWorkerMain.java:74)
    FAILURE_EVIDENCE id=AUT-F06 checkpoint=check completion and PDF control url=https://www.saucedemo.com/checkout-complete.html png=[repository]\build\timestamped-runs\20260930-122320-911\screenshots\milestoneFAutomation\failed-tests\AUT-F06\failure-autF06_twoItemOrderCompletes-1790742221316.png

Gradle suite > Gradle test > saucedemo.tests.CheckoutTests STANDARD_OUT
    SCREENSHOT_EVIDENCE id=AUT-F06 outcome=failed-tests step=reconcile Overview amounts url=https://www.saucedemo.com/checkout-step-two.html png=[repository]\build\timestamped-runs\20260930-122320-911\screenshots\milestoneFAutomation\failed-tests\AUT-F06\01-overview-amounts.png

Gradle suite > Gradle test > saucedemo.tests.InventoryAndCartTests STANDARD_ERROR
    Sep 30, 2026 12:23:42 PM org.openqa.selenium.devtools.CdpVersionFinder findNearestMatch
    WARNING: Unable to find an exact match for CDP version 154, returning the closest version; found: 153; Please update to a Selenium version that supports CDP version 154

Gradle suite > Gradle test > saucedemo.tests.InventoryAndCartTests > autF03_twoItemCartAndRemovals STANDARD_OUT
    CHECKPOINT id=AUT-F03 step=sign in and check empty cart
    CHECKPOINT id=AUT-F03 step=capture current product prices
    CHECKPOINT id=AUT-F03 step=add both products
    CHECKPOINT id=AUT-F03 step=check both cart entries
    CHECKPOINT id=AUT-F03 step=remove Backpack in Cart
    CHECKPOINT id=AUT-F03 step=remove Bike Light on Products
    CHECKPOINT id=AUT-F03 step=reopen empty cart

Gradle suite > Gradle test > saucedemo.tests.InventoryAndCartTests > autF03_twoItemCartAndRemovals FAILED
    java.lang.AssertionError: expected [438] but found [0]
        at org.testng.Assert.fail(Assert.java:111)
        at org.testng.Assert.failNotEquals(Assert.java:1590)
        at org.testng.Assert.assertEqualsImpl(Assert.java:150)
        at org.testng.Assert.assertEquals(Assert.java:132)
        at org.testng.Assert.assertEquals(Assert.java:1431)
        at org.testng.Assert.assertEquals(Assert.java:1395)
        at org.testng.Assert.assertEquals(Assert.java:1441)
        at saucedemo.tests.InventoryAndCartTests.autF03_twoItemCartAndRemovals(InventoryAndCartTests.java:93)

Gradle suite > Gradle test > saucedemo.tests.InventoryAndCartTests STANDARD_ERROR
    FAIL id=AUT-F03 checkpoint=reopen empty cart
    java.lang.AssertionError: expected [438] but found [0]
        at org.testng.Assert.fail(Assert.java:111)
        at org.testng.Assert.failNotEquals(Assert.java:1590)
        at org.testng.Assert.assertEqualsImpl(Assert.java:150)
        at org.testng.Assert.assertEquals(Assert.java:132)
        at org.testng.Assert.assertEquals(Assert.java:1431)
        at org.testng.Assert.assertEquals(Assert.java:1395)
        at org.testng.Assert.assertEquals(Assert.java:1441)
        at saucedemo.tests.InventoryAndCartTests.autF03_twoItemCartAndRemovals(InventoryAndCartTests.java:93)
        at java.base/jdk.internal.reflect.DirectMethodHandleAccessor.invoke(DirectMethodHandleAccessor.java:103)
        at java.base/java.lang.reflect.Method.invoke(Method.java:580)
        at org.testng.internal.invokers.MethodInvocationHelper.invokeMethod(MethodInvocationHelper.java:141)
        at org.testng.internal.invokers.TestInvoker.invokeMethod(TestInvoker.java:697)
        at org.testng.internal.invokers.TestInvoker.invokeTestMethod(TestInvoker.java:230)
        at org.testng.internal.invokers.MethodRunner.runInSequence(MethodRunner.java:63)
        at org.testng.internal.invokers.TestInvoker$MethodInvocationAgent.invoke(TestInvoker.java:1005)
        at org.testng.internal.invokers.TestInvoker.invokeTestMethods(TestInvoker.java:203)
        at org.testng.internal.invokers.TestMethodWorker.invokeTestMethods(TestMethodWorker.java:154)
        at org.testng.internal.invokers.TestMethodWorker.run(TestMethodWorker.java:134)
        at java.base/java.util.ArrayList.forEach(ArrayList.java:1596)
        at org.testng.TestRunner.privateRun(TestRunner.java:744)
        at org.testng.TestRunner.run(TestRunner.java:616)
        at org.testng.SuiteRunner.runTest(SuiteRunner.java:421)
        at org.testng.SuiteRunner.runSequentially(SuiteRunner.java:413)
        at org.testng.SuiteRunner.privateRun(SuiteRunner.java:373)
        at org.testng.SuiteRunner.run(SuiteRunner.java:312)
        at org.testng.SuiteRunnerWorker.runSuite(SuiteRunnerWorker.java:52)
        at org.testng.SuiteRunnerWorker.run(SuiteRunnerWorker.java:95)
        at org.testng.TestNG.runSuitesSequentially(TestNG.java:1274)
        at org.testng.TestNG.runSuitesLocally(TestNG.java:1208)
        at org.testng.TestNG.runSuites(TestNG.java:1112)
        at org.testng.TestNG.run(TestNG.java:1079)
        at org.gradle.api.internal.tasks.testing.testng.TestNGTestClassProcessor.runTests(TestNGTestClassProcessor.java:153)
        at org.gradle.api.internal.tasks.testing.testng.TestNGTestClassProcessor.stop(TestNGTestClassProcessor.java:95)
        at org.gradle.api.internal.tasks.testing.SuiteTestClassProcessor.stop(SuiteTestClassProcessor.java:63)
        at java.base/jdk.internal.reflect.DirectMethodHandleAccessor.invoke(DirectMethodHandleAccessor.java:103)
        at java.base/java.lang.reflect.Method.invoke(Method.java:580)
        at org.gradle.internal.dispatch.ReflectionDispatch.dispatch(ReflectionDispatch.java:36)
        at org.gradle.internal.dispatch.ReflectionDispatch.dispatch(ReflectionDispatch.java:24)
        at org.gradle.internal.dispatch.ContextClassLoaderDispatch.dispatch(ContextClassLoaderDispatch.java:33)
        at org.gradle.internal.dispatch.ProxyDispatchAdapter$DispatchingInvocationHandler.invoke(ProxyDispatchAdapter.java:92)
        at jdk.proxy1/jdk.proxy1.$Proxy4.stop(Unknown Source)
        at org.gradle.api.internal.tasks.testing.worker.TestWorker$3.run(TestWorker.java:200)
        at org.gradle.api.internal.tasks.testing.worker.TestWorker.executeAndMaintainThreadName(TestWorker.java:132)
        at org.gradle.api.internal.tasks.testing.worker.TestWorker.execute(TestWorker.java:103)
        at org.gradle.api.internal.tasks.testing.worker.TestWorker.execute(TestWorker.java:63)
        at org.gradle.process.internal.worker.child.ActionExecutionWorker.execute(ActionExecutionWorker.java:56)
        at org.gradle.process.internal.worker.child.SystemApplicationClassLoaderWorker.call(SystemApplicationClassLoaderWorker.java:122)
        at org.gradle.process.internal.worker.child.SystemApplicationClassLoaderWorker.call(SystemApplicationClassLoaderWorker.java:72)
        at worker.org.gradle.process.internal.worker.GradleWorkerMain.run(GradleWorkerMain.java:69)
        at worker.org.gradle.process.internal.worker.GradleWorkerMain.main(GradleWorkerMain.java:74)
    FAILURE_EVIDENCE id=AUT-F03 checkpoint=reopen empty cart url=https://www.saucedemo.com/cart.html png=[repository]\build\timestamped-runs\20260930-122320-911\screenshots\milestoneFAutomation\failed-tests\AUT-F03\failure-autF03_twoItemCartAndRemovals-1790742225491.png

Gradle suite > Gradle test > saucedemo.tests.InventoryAndCartTests STANDARD_OUT
    SCREENSHOT_EVIDENCE id=AUT-F03 outcome=failed-tests step=check both cart entries url=https://www.saucedemo.com/cart.html png=[repository]\build\timestamped-runs\20260930-122320-911\screenshots\milestoneFAutomation\failed-tests\AUT-F03\01-cart-two-items.png
    SCREENSHOT_EVIDENCE id=AUT-F03 outcome=failed-tests step=remove Backpack in Cart url=https://www.saucedemo.com/cart.html png=[repository]\build\timestamped-runs\20260930-122320-911\screenshots\milestoneFAutomation\failed-tests\AUT-F03\02-cart-one-item.png
    SCREENSHOT_EVIDENCE id=AUT-F03 outcome=failed-tests step=remove Bike Light on Products url=https://www.saucedemo.com/inventory.html png=[repository]\build\timestamped-runs\20260930-122320-911\screenshots\milestoneFAutomation\failed-tests\AUT-F03\03-products-after-removal.png

Gradle suite > Gradle test > saucedemo.tests.InventoryAndCartTests STANDARD_ERROR
    Sep 30, 2026 12:23:46 PM org.openqa.selenium.devtools.CdpVersionFinder findNearestMatch
    WARNING: Unable to find an exact match for CDP version 154, returning the closest version; found: 153; Please update to a Selenium version that supports CDP version 154

Gradle suite > Gradle test > saucedemo.tests.InventoryAndCartTests > autF05_pricesSortLowToHigh STANDARD_OUT
    CHECKPOINT id=AUT-F05 step=sign in and inspect product prices
    CHECKPOINT id=AUT-F05 step=select price low to high
    CHECKPOINT id=AUT-F05 step=parse displayed prices in order

Gradle suite > Gradle test > saucedemo.tests.InventoryAndCartTests > autF05_pricesSortLowToHigh FAILED
    java.lang.NumberFormatException: Character g is neither a decimal digit number, decimal point, nor "e" notation exponential mark.
        at java.base/java.math.BigDecimal.<init>(BigDecimal.java:608)
        at java.base/java.math.BigDecimal.<init>(BigDecimal.java:497)
        at java.base/java.math.BigDecimal.<init>(BigDecimal.java:903)
        at saucedemo.tests.InventoryAndCartTests.lambda$autF05_pricesSortLowToHigh$0(InventoryAndCartTests.java:123)
        at java.base/java.util.stream.ReferencePipeline$3$1.accept(ReferencePipeline.java:197)
        at java.base/java.util.AbstractList$RandomAccessSpliterator.forEachRemaining(AbstractList.java:722)
        at java.base/java.util.stream.AbstractPipeline.copyInto(AbstractPipeline.java:509)
        at java.base/java.util.stream.AbstractPipeline.wrapAndCopyInto(AbstractPipeline.java:499)
        at java.base/java.util.stream.AbstractPipeline.evaluate(AbstractPipeline.java:575)
        at java.base/java.util.stream.AbstractPipeline.evaluateToArrayNode(AbstractPipeline.java:260)
        at java.base/java.util.stream.ReferencePipeline.toArray(ReferencePipeline.java:616)
        at java.base/java.util.stream.ReferencePipeline.toArray(ReferencePipeline.java:622)
        at java.base/java.util.stream.ReferencePipeline.toList(ReferencePipeline.java:627)
        at saucedemo.tests.InventoryAndCartTests.autF05_pricesSortLowToHigh(InventoryAndCartTests.java:124)

Gradle suite > Gradle test > saucedemo.tests.InventoryAndCartTests STANDARD_ERROR
    FAIL id=AUT-F05 checkpoint=parse displayed prices in order
    java.lang.NumberFormatException: Character g is neither a decimal digit number, decimal point, nor "e" notation exponential mark.
        at java.base/java.math.BigDecimal.<init>(BigDecimal.java:608)
        at java.base/java.math.BigDecimal.<init>(BigDecimal.java:497)
        at java.base/java.math.BigDecimal.<init>(BigDecimal.java:903)
        at saucedemo.tests.InventoryAndCartTests.lambda$autF05_pricesSortLowToHigh$0(InventoryAndCartTests.java:123)
        at java.base/java.util.stream.ReferencePipeline$3$1.accept(ReferencePipeline.java:197)
        at java.base/java.util.AbstractList$RandomAccessSpliterator.forEachRemaining(AbstractList.java:722)
        at java.base/java.util.stream.AbstractPipeline.copyInto(AbstractPipeline.java:509)
        at java.base/java.util.stream.AbstractPipeline.wrapAndCopyInto(AbstractPipeline.java:499)
        at java.base/java.util.stream.AbstractPipeline.evaluate(AbstractPipeline.java:575)
        at java.base/java.util.stream.AbstractPipeline.evaluateToArrayNode(AbstractPipeline.java:260)
        at java.base/java.util.stream.ReferencePipeline.toArray(ReferencePipeline.java:616)
        at java.base/java.util.stream.ReferencePipeline.toArray(ReferencePipeline.java:622)
        at java.base/java.util.stream.ReferencePipeline.toList(ReferencePipeline.java:627)
        at saucedemo.tests.InventoryAndCartTests.autF05_pricesSortLowToHigh(InventoryAndCartTests.java:124)
        at java.base/jdk.internal.reflect.DirectMethodHandleAccessor.invoke(DirectMethodHandleAccessor.java:103)
        at java.base/java.lang.reflect.Method.invoke(Method.java:580)
        at org.testng.internal.invokers.MethodInvocationHelper.invokeMethod(MethodInvocationHelper.java:141)
        at org.testng.internal.invokers.TestInvoker.invokeMethod(TestInvoker.java:697)
        at org.testng.internal.invokers.TestInvoker.invokeTestMethod(TestInvoker.java:230)
        at org.testng.internal.invokers.MethodRunner.runInSequence(MethodRunner.java:63)
        at org.testng.internal.invokers.TestInvoker$MethodInvocationAgent.invoke(TestInvoker.java:1005)
        at org.testng.internal.invokers.TestInvoker.invokeTestMethods(TestInvoker.java:203)
        at org.testng.internal.invokers.TestMethodWorker.invokeTestMethods(TestMethodWorker.java:154)
        at org.testng.internal.invokers.TestMethodWorker.run(TestMethodWorker.java:134)
        at java.base/java.util.ArrayList.forEach(ArrayList.java:1596)
        at org.testng.TestRunner.privateRun(TestRunner.java:744)
        at org.testng.TestRunner.run(TestRunner.java:616)
        at org.testng.SuiteRunner.runTest(SuiteRunner.java:421)
        at org.testng.SuiteRunner.runSequentially(SuiteRunner.java:413)
        at org.testng.SuiteRunner.privateRun(SuiteRunner.java:373)
        at org.testng.SuiteRunner.run(SuiteRunner.java:312)
        at org.testng.SuiteRunnerWorker.runSuite(SuiteRunnerWorker.java:52)
        at org.testng.SuiteRunnerWorker.run(SuiteRunnerWorker.java:95)
        at org.testng.TestNG.runSuitesSequentially(TestNG.java:1274)
        at org.testng.TestNG.runSuitesLocally(TestNG.java:1208)
        at org.testng.TestNG.runSuites(TestNG.java:1112)
        at org.testng.TestNG.run(TestNG.java:1079)
        at org.gradle.api.internal.tasks.testing.testng.TestNGTestClassProcessor.runTests(TestNGTestClassProcessor.java:153)
        at org.gradle.api.internal.tasks.testing.testng.TestNGTestClassProcessor.stop(TestNGTestClassProcessor.java:95)
        at org.gradle.api.internal.tasks.testing.SuiteTestClassProcessor.stop(SuiteTestClassProcessor.java:63)
        at java.base/jdk.internal.reflect.DirectMethodHandleAccessor.invoke(DirectMethodHandleAccessor.java:103)
        at java.base/java.lang.reflect.Method.invoke(Method.java:580)
        at org.gradle.internal.dispatch.ReflectionDispatch.dispatch(ReflectionDispatch.java:36)
        at org.gradle.internal.dispatch.ReflectionDispatch.dispatch(ReflectionDispatch.java:24)
        at org.gradle.internal.dispatch.ContextClassLoaderDispatch.dispatch(ContextClassLoaderDispatch.java:33)
        at org.gradle.internal.dispatch.ProxyDispatchAdapter$DispatchingInvocationHandler.invoke(ProxyDispatchAdapter.java:92)
        at jdk.proxy1/jdk.proxy1.$Proxy4.stop(Unknown Source)
        at org.gradle.api.internal.tasks.testing.worker.TestWorker$3.run(TestWorker.java:200)
        at org.gradle.api.internal.tasks.testing.worker.TestWorker.executeAndMaintainThreadName(TestWorker.java:132)
        at org.gradle.api.internal.tasks.testing.worker.TestWorker.execute(TestWorker.java:103)
        at org.gradle.api.internal.tasks.testing.worker.TestWorker.execute(TestWorker.java:63)
        at org.gradle.process.internal.worker.child.ActionExecutionWorker.execute(ActionExecutionWorker.java:56)
        at org.gradle.process.internal.worker.child.SystemApplicationClassLoaderWorker.call(SystemApplicationClassLoaderWorker.java:122)
        at org.gradle.process.internal.worker.child.SystemApplicationClassLoaderWorker.call(SystemApplicationClassLoaderWorker.java:72)
        at worker.org.gradle.process.internal.worker.GradleWorkerMain.run(GradleWorkerMain.java:69)
        at worker.org.gradle.process.internal.worker.GradleWorkerMain.main(GradleWorkerMain.java:74)
    FAILURE_EVIDENCE id=AUT-F05 checkpoint=parse displayed prices in order url=https://www.saucedemo.com/inventory.html png=[repository]\build\timestamped-runs\20260930-122320-911\screenshots\milestoneFAutomation\failed-tests\AUT-F05\failure-autF05_pricesSortLowToHigh-1790742228494.png

6 tests completed, 6 failed

> Task :milestoneFAutomation FAILED

[Incubating] Problems report is available at: repo:/build/timestamped-runs/20260930-122320-911/reports/problems/problems-report.html

FAILURE: Build failed with an exception.

* What went wrong:
Execution failed for task ':milestoneFAutomation'.
> There were failing tests. See the report at: repo:/build/timestamped-runs/20260930-122320-911/reports/tests/milestoneFAutomation/index.html

* Try:
> Run with --scan to get full insights.

Deprecated Gradle features were used in this build, making it incompatible with Gradle 9.0.

You can use '--warning-mode all' to show the individual deprecation warnings and determine if they come from your own scripts or plugins.

For more on this, please refer to https://docs.gradle.org/8.14.5/userguide/command_line_interface.html#sec:command_line_warnings in the Gradle documentation.

BUILD FAILED in 33s
2 actionable tasks: 2 executed
DIAGNOSTIC_EXIT_CODE=1
